Starting Ethereal email test...
Sending mock email payload...
--- sendOrderConfirmationEmail INVOKED ---
user: test.customer@example.com orderId: TEST-ORDER-12345
Using Ethereal testing credentials... swh2ll46bgwuj2di@ethereal.email
Order confirmation email processed.
==========================================
Email sent successfully! Preview it here: 
https://ethereal.email/message/aaBRYSHf0BdTc329aaBRZrG7FRPhhkZkAAAAAbh1kitwEfON8SwuSLz6MvU
==========================================
Test finished.
